// Jest Snapshot v1, https://goo.gl/fbAQLP

exports[`<ChatList /> renders correctly 1`] = `
<ul
  className="MuiList-root-9 MuiList-padding-10 ChatList-chatList-7"
>
  ChatId-1 ChatTitlte-test1
  ChatId-2 ChatTitlte-test2
  ChatId-3 ChatTitlte-test3
</ul>
`;

exports[`<ChatList /> renders without chats 1`] = `
<ul
  className="MuiList-root-9 MuiList-padding-10 ChatList-chatList-7"
>
  <h3
    className="MuiTypography-root-13 MuiTypography-subheading-20 ChatList-noChats-8"
  >
    There is no chats yet...
  </h3>
</ul>
`;
